serviciu schimbul-rotilor Schimbul rotilor / Замена колес
serviciu reparatia-discurilor Reparatia discurilor auto / Рихтовка дисков
serviciu reparatia-anvelopelor Reparatia anvelopelor / Ремонт шин
serviciu balansarea-rotilor Balansarea Rotilor / Балансировка колёс
serviciu sudura-cu-argon Sudarea discurilor auto cu argon / Аргонная сварка дисков
serviciu vopsirea-discurilor Vopsirea discurilor auto cu pulbere / Покраска дисков
serviciu slefuirea-discurilor-de-frana Indreptare / Slefuirea discurilor de frana / Проточка тормозных дисков без снятия
serviciu hotel-anvelope Hotel anvelope / Хранение шин
serviciu incarcare-conditionere-auto-cu-freon Incarcare conditionere auto cu freon R134a, R1234yf / Заправка автомобильных кондиционеров фреоном R134a, R1234yf
serviciu servicii Serviciile noastre / Наши услуги
categorie catalog-anvelope 4 contoare
categorie senzori-presiune-anvelope 0 contoare
categorie servicii 0 contoare
branduri 20/134
branduri 40/134
branduri 60/134
branduri 80/134
branduri 100/134
branduri 120/134

salvat data/raw/pages.json + facets.json
